[2026-08-20 14:51:05,898: ERROR/MainProcess] consumer: Cannot connect to redis://localhost:6379/0: Error 10061 connecting to localhost:6379. No connection could be made because the target machine actively refused it..
Trying again in 2.00 seconds... (1/100)

[2026-08-20 14:51:11,964: ERROR/MainProcess] consumer: Cannot connect to redis://localhost:6379/0: Error 10061 connecting to localhost:6379. No connection could be made because the target machine actively refused it..
Trying again in 4.00 seconds... (2/100)

[2026-08-20 14:51:20,003: ERROR/MainProcess] consumer: Cannot connect to redis://localhost:6379/0: Error 10061 connecting to localhost:6379. No connection could be made because the target machine actively refused it..
Trying again in 6.00 seconds... (3/100)

[2026-08-20 14:51:30,059: ERROR/MainProcess] consumer: Cannot connect to redis://localhost:6379/0: Error 10061 connecting to localhost:6379. No connection could be made because the target machine actively refused it..
Trying again in 8.00 seconds... (4/100)

[2026-08-20 14:51:42,130: ERROR/MainProcess] consumer: Cannot connect to redis://localhost:6379/0: Error 10061 connecting to localhost:6379. No connection could be made because the target machine actively refused it..
Trying again in 10.00 seconds... (5/100)

[2026-08-20 14:51:56,158: ERROR/MainProcess] consumer: Cannot connect to redis://localhost:6379/0: Error 10061 connecting to localhost:6379. No connection could be made because the target machine actively refused it..
Trying again in 12.00 seconds... (6/100)

[2026-08-20 14:52:12,220: ERROR/MainProcess] consumer: Cannot connect to redis://localhost:6379/0: Error 10061 connecting to localhost:6379. No connection could be made because the target machine actively refused it..
Trying again in 14.00 seconds... (7/100)

[2026-08-20 14:52:30,281: ERROR/MainProcess] consumer: Cannot connect to redis://localhost:6379/0: Error 10061 connecting to localhost:6379. No connection could be made because the target machine actively refused it..
Trying again in 16.00 seconds... (8/100)

[2026-08-20 14:52:50,336: ERROR/MainProcess] consumer: Cannot connect to redis://localhost:6379/0: Error 10061 connecting to localhost:6379. No connection could be made because the target machine actively refused it..
Trying again in 18.00 seconds... (9/100)

[2026-08-20 14:53:12,404: ERROR/MainProcess] consumer: Cannot connect to redis://localhost:6379/0: Error 10061 connecting to localhost:6379. No connection could be made because the target machine actively refused it..
Trying again in 20.00 seconds... (10/100)

[2026-08-20 14:53:36,470: ERROR/MainProcess] consumer: Cannot connect to redis://localhost:6379/0: Error 10061 connecting to localhost:6379. No connection could be made because the target machine actively refused it..
Trying again in 22.00 seconds... (11/100)

[2026-08-20 14:54:02,546: ERROR/MainProcess] consumer: Cannot connect to redis://localhost:6379/0: Error 10061 connecting to localhost:6379. No connection could be made because the target machine actively refused it..
Trying again in 24.00 seconds... (12/100)

[2026-08-20 14:55:28,887: ERROR/MainProcess] consumer: Cannot connect to redis://localhost:6379/0: Error 10061 connecting to localhost:6379. No connection could be made because the target machine actively refused it..
Trying again in 2.00 seconds... (1/100)

[2026-08-20 14:55:34,944: ERROR/MainProcess] consumer: Cannot connect to redis://localhost:6379/0: Error 10061 connecting to localhost:6379. No connection could be made because the target machine actively refused it..
Trying again in 4.00 seconds... (2/100)

[2026-08-20 14:55:42,990: ERROR/MainProcess] consumer: Cannot connect to redis://localhost:6379/0: Error 10061 connecting to localhost:6379. No connection could be made because the target machine actively refused it..
Trying again in 6.00 seconds... (3/100)

[2026-08-20 14:55:53,054: ERROR/MainProcess] consumer: Cannot connect to redis://localhost:6379/0: Error 10061 connecting to localhost:6379. No connection could be made because the target machine actively refused it..
Trying again in 8.00 seconds... (4/100)

[2026-08-20 14:56:05,108: ERROR/MainProcess] consumer: Cannot connect to redis://localhost:6379/0: Error 10061 connecting to localhost:6379. No connection could be made because the target machine actively refused it..
Trying again in 10.00 seconds... (5/100)

[2026-08-20 14:56:19,156: ERROR/MainProcess] consumer: Cannot connect to redis://localhost:6379/0: Error 10061 connecting to localhost:6379. No connection could be made because the target machine actively refused it..
Trying again in 12.00 seconds... (6/100)

[2026-08-20 14:56:35,208: ERROR/MainProcess] consumer: Cannot connect to redis://localhost:6379/0: Error 10061 connecting to localhost:6379. No connection could be made because the target machine actively refused it..
Trying again in 14.00 seconds... (7/100)

[2026-08-20 14:56:53,274: ERROR/MainProcess] consumer: Cannot connect to redis://localhost:6379/0: Error 10061 connecting to localhost:6379. No connection could be made because the target machine actively refused it..
Trying again in 16.00 seconds... (8/100)

[2026-08-20 14:57:13,339: ERROR/MainProcess] consumer: Cannot connect to redis://localhost:6379/0: Error 10061 connecting to localhost:6379. No connection could be made because the target machine actively refused it..
Trying again in 18.00 seconds... (9/100)

[2026-08-20 14:58:11,304: INFO/MainProcess] Connected to redis://localhost:6379/0
[2026-08-20 14:58:11,338: INFO/MainProcess] mingle: searching for neighbors
[2026-08-20 14:58:12,403: INFO/MainProcess] mingle: all alone
[2026-08-20 14:58:12,565: INFO/MainProcess] celery@ARSH ready.
[2026-08-20 14:58:38,874: ERROR/MainProcess] Received unregistered task of type 'pipeline.task.scrape_myntra'.
The message has been ignored and discarded.

Did you remember to import the module containing this task?
Or maybe you're using relative imports?

Please see
https://docs.celeryq.dev/en/latest/internals/protocol.html
for more information.

The full contents of the message body was:
b'[[], {"query": "korean pants", "pincode": "144002"}, {"callbacks": null, "errbacks": null, "chain": null, "chord": null}]' (121b)

The full contents of the message headers:
{'lang': 'py', 'task': 'pipeline.task.scrape_myntra', 'id': 'c1e737b0-1523-4c67-8f87-b6bda19b0c64', 'shadow': None, 'eta': None, 'expires': None, 'group': None, 'group_index': None, 'retries': 0, 'timelimit': [None, None], 'root_id': 'c1e737b0-1523-4c67-8f87-b6bda19b0c64', 'parent_id': None, 'argsrepr': '()', 'kwargsrepr': "{'query': 'korean pants', 'pincode': '144002'}", 'origin': 'gen3156@ARSH', 'ignore_result': False, 'replaced_task_nesting': 0, 'stamped_headers': None, 'stamps': {}}

The delivery info for this task is:
{'exchange': '', 'routing_key': 'celery'}
Traceback (most recent call last):
  File "D:\MAIN\Api scraping\Production_Scraper\.venv\Lib\site-packages\celery\worker\consumer\consumer.py", line 668, in on_task_received
    strategy = strategies[type_]
               ~~~~~~~~~~^^^^^^^
KeyError: 'pipeline.task.scrape_myntra'
[2026-08-20 14:58:38,904: ERROR/MainProcess] Received unregistered task of type 'pipeline.task.scrape_meesho'.
The message has been ignored and discarded.

Did you remember to import the module containing this task?
Or maybe you're using relative imports?

Please see
https://docs.celeryq.dev/en/latest/internals/protocol.html
for more information.

The full contents of the message body was:
b'[[], {"query": "korean pants"}, {"callbacks": null, "errbacks": null, "chain": null, "chord": null}]' (100b)

The full contents of the message headers:
{'lang': 'py', 'task': 'pipeline.task.scrape_meesho', 'id': '9b33789f-3607-4b24-8467-7060d880d89f', 'shadow': None, 'eta': None, 'expires': None, 'group': None, 'group_index': None, 'retries': 0, 'timelimit': [None, None], 'root_id': '9b33789f-3607-4b24-8467-7060d880d89f', 'parent_id': None, 'argsrepr': '()', 'kwargsrepr': "{'query': 'korean pants'}", 'origin': 'gen3156@ARSH', 'ignore_result': False, 'replaced_task_nesting': 0, 'stamped_headers': None, 'stamps': {}}

The delivery info for this task is:
{'exchange': '', 'routing_key': 'celery'}
Traceback (most recent call last):
  File "D:\MAIN\Api scraping\Production_Scraper\.venv\Lib\site-packages\celery\worker\consumer\consumer.py", line 668, in on_task_received
    strategy = strategies[type_]
               ~~~~~~~~~~^^^^^^^
KeyError: 'pipeline.task.scrape_meesho'
